[Bootstrap]
SetupTitle=Install
SetupText=Copying Files, please stand by.
CabFile=AutoText.CAB
Spawn=Setup1.exe
Uninstal=st6unst.exe
TmpDir=msftqws.pdw
Cabs=1

[Bootstrap Files]
File1=@VB6STKIT.DLL,$(WinSysPathSysFile),,,7/15/00 1:00:00 AM,101888,6.0.84.50
File2=@COMCAT.DLL,$(WinSysPathSysFile),$(DLLSelfRegister),,5/31/98 12:00:00 AM,22288,4.71.1460.1
File3=@STDOLE2.TLB,$(WinSysPathSysFile),$(TLBRegister),,6/3/99 12:00:00 AM,17920,2.40.4275.1
File4=@ASYCFILT.DLL,$(WinSysPathSysFile),,,3/8/99 12:00:00 AM,147728,2.40.4275.1
File5=@OLEPRO32.DLL,$(WinSysPathSysFile),$(DLLSelfRegister),,3/8/99 12:00:00 AM,164112,5.0.4275.1
File6=@OLEAUT32.DLL,$(WinSysPathSysFile),$(DLLSelfRegister),,4/12/00 12:00:00 AM,598288,2.40.4275.1
File7=@MSVBVM60.DLL,$(WinSysPathSysFile),$(DLLSelfRegister),,6/19/03 8:05:04 PM,1385744,6.0.96.90

[IconGroups]
Group0=Steppes Autotext
PrivateGroup0=0
Parent0=$(Programs)

[Steppes Autotext]
Icon1="AutoText.exe"
Title1=AutoText
StartIn1=$(AppPath)

[Setup]
Title=AutoText
DefaultDir=$(ProgramFiles)\AutoText
AppExe=AutoText.exe
AppToUninstall=AutoText.exe

[Setup1 Files]
File1=@RICHED32.DLL,$(WinSysPathSysFile),,,5/7/98 12:00:00 AM,174352,4.0.993.4
File2=@richtx32.ocx,$(WinSysPath),$(DLLSelfRegister),$(Shared),5/22/00 1:00:00 AM,203976,6.0.88.4
File3=@msdatlst.ocx,$(WinSysPath),$(DLLSelfRegister),$(Shared),12/21/99 2:00:48 AM,232456,6.0.84.18
File4=@MSSTDFMT.DLL,$(WinSysPath),$(DLLSelfRegister),$(Shared),7/15/00 1:00:00 AM,118784,6.0.88.4
File5=@MSBIND.DLL,$(WinSysPath),$(DLLSelfRegister),$(Shared),7/15/00 1:00:00 AM,77824,6.0.88.62
File6=@VB5DB.DLL,$(WinSysPath),,$(Shared),6/18/98 1:00:00 AM,89360,6.0.81.69
File7=@msjtes40.dll,$(WinSysPathSysFile),$(DLLSelfRegister),,3/31/03 8:00:00 AM,241695,4.0.5914.0
File8=@msrepl40.dll,$(WinSysPathSysFile),,,3/31/03 8:00:00 AM,552991,4.0.6226.0
File9=@msrd3x40.dll,$(WinSysPathSysFile),$(DLLSelfRegister),,3/31/03 8:00:00 AM,315466,4.0.4325.0
File10=@msrd2x40.dll,$(WinSysPathSysFile),$(DLLSelfRegister),,3/31/03 8:00:00 AM,421919,4.0.4910.0
File11=@mswdat10.dll,$(WinSysPathSysFile),,,3/31/03 8:00:00 AM,831562,4.0.3829.2
File12=@mswstr10.dll,$(WinSysPathSysFile),,,3/31/03 8:00:00 AM,614474,4.0.3829.2
File13=@expsrv.dll,$(WinSysPathSysFile),,,3/31/03 8:00:00 AM,380445,6.0.72.9414
File14=@vbajet32.dll,$(WinSysPathSysFile),,,3/31/03 8:00:00 AM,30992,6.0.1.8268
File15=@msjint40.dll,$(WinSysPathSysFile),,,3/31/03 8:00:00 AM,151626,4.0.2927.2
File16=@msjter40.dll,$(WinSysPathSysFile),,,3/31/03 8:00:00 AM,53322,4.0.2927.2
File17=@msjet40.dll,$(WinSysPathSysFile),$(DLLSelfRegister),,3/31/03 8:00:00 AM,1503262,4.0.6218.0
File18=@MSWORD.OLB,$(WinSysPath),,$(Shared),7/14/03 10:51:14 PM,665144,11.0.5510.0
File19=@AutoText.exe,$(AppPath),,,10/1/04 12:19:46 PM,36864,1.0.0.17

; The following lines may be deleted in order to obtain extra 
; space for customizing this file on a full installation diskette.
; 
; XXXXXXXXXXXXXXXXXXXXXXXXXXXXXXXXXXXXXXXXXXXXXXXXXXXXXXXXXXXX
; XXXXXXXXXXXXXXXXXXXXXXXXXXXXXXXXXXXXXXXXXXXXXXXXXXXXXXXXXXXX
; XXXXXXXXXXXXXXXXXXXXXXXXXXXXXXXXXXXXXXXXXXXXXXXXXXXXXXXXXXXX
; XXXXXXXXXXXXXXXXXXXXXXXXXXXXXXXXXXXXXXXXXXXXXXXXXXXXXXXXXXXX
; XXXXXXXXXXXXXXXXXXXXXXXXXXXXXXXXXXXXXXXXXXXXXXXXXXXXXXXXXXXX
; XXXXXXXXXXXXXXXXXXXXXXXXXXXXXXXXXXXXXXXXXXXXXXXXXXXXXXXXXXXX
; XXXXXXXXXXXXXXXXXXXXXXXXXXXXXXXXXXXXXXXXXXXXXXXXXXXXXXXXXXXX
; XXXXXXXXXXXXXXXXXXXXXXXXXXXXXXXXXXXXXXXXXXXXXXXXXXXXXXXXXXXX
; XXXXXXXXXXXXXXXXXXXXXXXXXXXXXXXXXXXXXXXXXXXXXXXXXXXXXXXXXXXX
; XXXXXXXXXXXXXXXXXXXXXXXXXXXXXXXXXXXXXXXXXXXXXXXXXXXXXXXXXXXX
; XXXXXXXXXXXXXXXXXXXXXXXXXXXXXXXXXXXXXXXXXXXXXXXXXXXXXXXXXXXX
; XXXXXXXXXXXXXXXXXXXXXXXXXXXXXXXXXXXXXXXXXXXXXXXXXXXXXXXXXXXX
; XXXXXXXXXXXXXXXXXXXXXXXXXXXXXXXXXXXXXXXXXXXXXXXXXXXXXXXXXXXX
; XXXXXXXXXXXXXXXXXXXXXXXXXXXXXXXXXXXXXXXXXXXXXXXXXXXXXXXXXXXX
; XXXXXXXXXXXXXXXXXXXXXXXXXXXXXXXXXXXXXXXXXXXXXXXXXXXXXXXXXXXX
; XXXXXXXXXXXXXXXXXXXXXXXXXXXXXXXXXXXXXXXXXXXXXXXXXXXXXXXXXXXX
; XXXXXXXXXXXXXXXXXXXXXXXXXXXXXXXXXXXXXXXXXXXXXXXXXXXXXXXXXXXX
; XXXXXXXXXXXXXXXXXXXXXXXXXXXXXXXXXXXXXXXXXXXXXXXXXXXXXXXXXXXX
; XXXXXXXXXXXXXXXXXXXXXXXXXXXXXXXXXXXXXXXXXXXXXXXXXXXXXXXXXXXX
; XXXXXXXXXXXXXXXXXXXXXXXXXXXXXXXXXXXXXXXXXXXXXXXXXXXXXXXXXXXX
; XXXXXXXXXXXXXXXXXXXXXXXXXXXXXXXXXXXXXXXXXXXXXXXXXXXXXXXXXXXX
; XXXXXXXXXXXXXXXXXXXXXXXXXXXXXXXXXXXXXXXXXXXXXXXXXXXXXXXXXXXX
; XXXXXXXXXXXXXXXXXXXXXXXXXXXXXXXXXXXXXXXXXXXXXXXXXXXXXXXXXXXX
; XXXXXXXXXXXXXXXXXXXXXXXXXXXXXXXXXXXXXXXXXXXXXXXXXXXXXXXXXXXX
; XXXXXXXXXXXXXXXXXXXXXXXXXXXXXXXXXXXXXXXXXXXXXXXXXXXXXXXXXXXX
; XXXXXXXXXXXXXXXXXXXXXXXXXXXXXXXXXXXXXXXXXXXXXXXXXXXXXXXXXXXX
; XXXXXXXXXXXXXXXXXXXXXXXXXXXXXXXXXXXXXXXXXXXXXXXXXXXXXXXXXXXX
; XXXXXXXXXXXXXXXXXXXXXXXXXXXXXXXXXXXXXXXXXXXXXXXXXXXXXXXXXXXX
; XXXXXXXXXXXXXXXXXXXXXXXXXXXXXXXXXXXXXXXXXXXXXXXXXXXXXXXXXXXX
; XXXXXXXXXXXXXXXXXXXXXXXXXXXXXXXXXXXXXXXXXXXXXXXXXXXXXXXXXXXX
; XXXXXXXXXXXXXXXXXXXXXXXXXXXXXXXXXXXXXXXXXXXXXXXXXXXXXXXXXXXX
; XXXXXXXXXXXXXXXXXXXXXXXXXXXXXXXXXXXXXXXXXXXXXXXXXXXXXXXXXXXX
; XXXXXXXXXXXXXXXXXXXXXXXXXXXXXXXXXXXXXXXXXXXXXXXXXXXXXXXXXXXX
; XXXXXXXXXXXXXXXXXXXXXXXXXXXXXXXXXXXXXXXXXXXXXXXXXXXXXXXXXXXX
; XXXXXXXXXXXXXXXXXXXXXXXXXXXXXXXXXXXXXXXXXXXXXXXXXXXXXXXXXXXX
